#
# There is insufficient memory for the Java Runtime Environment to continue.
# Native memory allocation (mmap) failed to map 266338304 bytes for G1 virtual space
# Possible reasons:
#   The system is out of physical RAM or swap space
#   The process is running with CompressedOops enabled, and the Java Heap may be blocking the growth of the native heap
# Possible solutions:
#   Reduce memory load on the system
#   Increase physical memory or swap space
#   Check if swap backing store is full
#   Decrease Java heap size (-Xmx/-Xms)
#   Decrease number of Java threads
#   Decrease Java thread stack sizes (-Xss)
#   Set larger code cache with -XX:ReservedCodeCacheSize=
#   JVM is running with Zero Based Compressed Oops mode in which the Java heap is
#     placed in the first 32GB address space. The Java Heap base address is the
#     maximum limit for the native heap growth. Please use -XX:HeapBaseMinAddress
#     to set the Java Heap base and to place the Java Heap above 32GB virtual address.
# This output file may be truncated or incomplete.
#
#  Out of Memory Error (os_windows.cpp:3550), pid=1900, tid=32904
#
# JRE version:  (17.0.8+9) (build )
# Java VM: Java HotSpot(TM) 64-Bit Server VM (17.0.8+9-LTS-211, mixed mode, sharing, tiered, compressed oops, compressed class ptrs, g1 gc, windows-amd64)
# No core dump will be written. Minidumps are not enabled by default on client versions of Windows
#

---------------  S U M M A R Y ------------

Command Line: -Dfile.encoding=Cp1252 -XX:+ShowCodeDetailsInExceptionMessages module4.AmazonSearch3

Host: Intel(R) Core(TM) i7-10870H CPU @ 2.20GHz, 16 cores, 15G,  Windows 11 , 64 bit Build 26100 (10.0.26100.8521)
Time: Mon Jul 13 22:08:19 2026 India Standard Time elapsed time: 0.014956 seconds (0d 0h 0m 0s)

---------------  T H R E A D  ---------------

Current thread (0x000001f5c2c5a660):  JavaThread "Unknown thread" [_thread_in_vm, id=32904, stack(0x000000d446200000,0x000000d446300000)]

Stack: [0x000000d446200000,0x000000d446300000]
Native frames: (J=compiled Java code, j=interpreted, Vv=VM code, C=native code)
V  [jvm.dll+0x677d0a]
V  [jvm.dll+0x7d8c54]
V  [jvm.dll+0x7da3fe]
V  [jvm.dll+0x7daa63]
V  [jvm.dll+0x245c5f]
V  [jvm.dll+0x674bb9]
V  [jvm.dll+0x6694f2]
V  [jvm.dll+0x3031d6]
V  [jvm.dll+0x30a756]
V  [jvm.dll+0x359f9e]
V  [jvm.dll+0x35a1cf]
V  [jvm.dll+0x2da3e8]
V  [jvm.dll+0x2db354]
V  [jvm.dll+0x7aa711]
V  [jvm.dll+0x367b51]
V  [jvm.dll+0x789979]
V  [jvm.dll+0x3eb05f]
V  [jvm.dll+0x3ecae1]
C  [jli.dll+0x5297]
C  [ucrtbase.dll+0x2cd30]
C  [KERNEL32.DLL+0x2e957]
C  [ntdll.dll+0x87c1c]


---------------  P R O C E S S  ---------------

Threads class SMR info:
_java_thread_list=0x00007ffc70b859d8, length=0, elements={
}

Java Threads: ( => current thread )

Other Threads:
  0x000001f5c4fe9cf0 GCTaskThread "GC Thread#0" [stack: 0x000000d446300000,0x000000d446400000] [id=10476]
  0x000001f5c503a7b0 ConcurrentGCThread "G1 Main Marker" [stack: 0x000000d446400000,0x000000d446500000] [id=12872]
  0x000001f5c503c1d0 ConcurrentGCThread "G1 Conc#0" [stack: 0x000000d446500000,0x000000d446600000] [id=23144]

[error occurred during error reporting (printing all threads), id 0xc0000005, EXCEPTION_ACCESS_VIOLATION (0xc0000005) at pc=0x00007ffc703bb047]

VM state: not at safepoint (not fully initialized)

VM Mutex/Monitor currently owned by a thread:  ([mutex/lock_event])
[0x000001f5c4f7f530] Heap_lock - owner thread: 0x000001f5c2c5a660

Heap address: 0x0000000703800000, size: 4040 MB, Compressed Oops mode: Zero based, Oop shift amount: 3

CDS archive(s) mapped at: [0x0000000000000000-0x0000000000000000-0x0000000000000000), size 0, SharedBaseAddress: 0x0000000800000000, ArchiveRelocationMode: 1.
Narrow klass base: 0x0000000000000000, Narrow klass shift: 0, Narrow klass range: 0x0

GC Precious Log:
<Empty>

Heap:
 garbage-first heap   total 0K, used 0K [0x0000000703800000, 0x0000000800000000)
  region size 2048K, 0 young (0K), 0 survivors (0K)

[error occurred during error reporting (printing heap information), id 0xc0000005, EXCEPTION_ACCESS_VIOLATION (0xc0000005) at pc=0x00007ffc707a1499]

GC Heap History (0 events):
No events

Deoptimization events (0 events):
No events

Classes unloaded (0 events):
No events

Classes redefined (0 events):
No events

Internal exceptions (0 events):
No events

VM Operations (0 events):
No events

Events (1 events):
Event: 0.010 Loaded shared library C:\Program Files\Java\jdk-17\bin\java.dll


Dynamic libraries:
0x00007ff6acdd0000 - 0x00007ff6acde0000 	C:\Program Files\Java\jdk-17\bin\javaw.exe
0x00007ffd72200000 - 0x00007ffd72466000 	C:\WINDOWS\SYSTEM32\ntdll.dll
0x00007ffd71a90000 - 0x00007ffd71b59000 	C:\WINDOWS\System32\KERNEL32.DLL
0x00007ffd6f600000 - 0x00007ffd6f9fa000 	C:\WINDOWS\System32\KERNELBASE.dll
0x00007ffd6fac0000 - 0x00007ffd6fc0c000 	C:\WINDOWS\System32\ucrtbase.dll
0x00007ffd4f100000 - 0x00007ffd4f11b000 	C:\Program Files\Java\jdk-17\bin\VCRUNTIME140.dll
0x00007ffd60230000 - 0x00007ffd60249000 	C:\Program Files\Java\jdk-17\bin\jli.dll
0x00007ffd716f0000 - 0x00007ffd717a6000 	C:\WINDOWS\System32\ADVAPI32.dll
0x00007ffd71460000 - 0x00007ffd71509000 	C:\WINDOWS\System32\msvcrt.dll
0x00007ffd708b0000 - 0x00007ffd7095a000 	C:\WINDOWS\System32\sechost.dll
0x00007ffd70190000 - 0x00007ffd702a8000 	C:\WINDOWS\System32\RPCRT4.dll
0x00007ffd71260000 - 0x00007ffd71427000 	C:\WINDOWS\System32\USER32.dll
0x00007ffd6f490000 - 0x00007ffd6f4b7000 	C:\WINDOWS\System32\win32u.dll
0x00007ffd5e8a0000 - 0x00007ffd5eb32000 	C:\WINDOWS\WinSxS\amd64_microsoft.windows.common-controls_6595b64144ccf1df_6.0.26100.8521_none_3e08b75ce33403b3\COMCTL32.dll
0x00007ffd71960000 - 0x00007ffd7198b000 	C:\WINDOWS\System32\GDI32.dll
0x00007ffd6fc10000 - 0x00007ffd6fd3b000 	C:\WINDOWS\System32\gdi32full.dll
0x00007ffd6f550000 - 0x00007ffd6f5f3000 	C:\WINDOWS\System32\msvcp_win.dll
0x00007ffd63e90000 - 0x00007ffd63e9b000 	C:\WINDOWS\SYSTEM32\VERSION.dll
0x00007ffd70740000 - 0x00007ffd70772000 	C:\WINDOWS\System32\IMM32.DLL
0x00007ffd614c0000 - 0x00007ffd614cc000 	C:\Program Files\Java\jdk-17\bin\vcruntime140_1.dll
0x00007ffcf3d40000 - 0x00007ffcf3dce000 	C:\Program Files\Java\jdk-17\bin\msvcp140.dll
0x00007ffc700d0000 - 0x00007ffc70cae000 	C:\Program Files\Java\jdk-17\bin\server\jvm.dll
0x00007ffd71430000 - 0x00007ffd71438000 	C:\WINDOWS\System32\PSAPI.DLL
0x00007ffd64320000 - 0x00007ffd6432a000 	C:\WINDOWS\SYSTEM32\WSOCK32.dll
0x00007ffd60420000 - 0x00007ffd60456000 	C:\WINDOWS\SYSTEM32\WINMM.dll
0x00007ffd711d0000 - 0x00007ffd71250000 	C:\WINDOWS\System32\WS2_32.dll
0x00007ffd6e290000 - 0x00007ffd6e2ab000 	C:\WINDOWS\SYSTEM32\kernel.appcore.dll
0x00007ffd613f0000 - 0x00007ffd613fa000 	C:\Program Files\Java\jdk-17\bin\jimage.dll
0x00007ffd6cb40000 - 0x00007ffd6cd82000 	C:\WINDOWS\SYSTEM32\DBGHELP.DLL
0x00007ffd71e30000 - 0x00007ffd721b3000 	C:\WINDOWS\System32\combase.dll
0x00007ffd710f0000 - 0x00007ffd711c9000 	C:\WINDOWS\System32\OLEAUT32.dll
0x00007ffd44800000 - 0x00007ffd4483b000 	C:\WINDOWS\SYSTEM32\dbgcore.DLL
0x00007ffd6fd40000 - 0x00007ffd6fde8000 	C:\WINDOWS\System32\bcryptPrimitives.dll
0x00007ffd40790000 - 0x00007ffd407b5000 	C:\Program Files\Java\jdk-17\bin\java.dll

dbghelp: loaded successfully - version: 4.0.5 - missing functions: none
symbol engine: initialized successfully - sym options: 0x614 - pdb path: .;C:\Program Files\Java\jdk-17\bin;C:\WINDOWS\SYSTEM32;C:\WINDOWS\WinSxS\amd64_microsoft.windows.common-controls_6595b64144ccf1df_6.0.26100.8521_none_3e08b75ce33403b3;C:\Program Files\Java\jdk-17\bin\server

VM Arguments:
jvm_args: -Dfile.encoding=Cp1252 -XX:+ShowCodeDetailsInExceptionMessages 
java_command: module4.AmazonSearch3
java_class_path (initial): E:\MKTProject\AutomationBatch66\bin;C:\Users\MKT\Downloads\selenium-server-4.41.0.jar;C:\Users\MKT\.p2\pool\plugins\org.testng_7.9.0.r202312310341.jar;C:\Users\MKT\.p2\pool\plugins\com.beust.jcommander_1.82.0.jar;C:\Users\MKT\.p2\pool\plugins\org.apache-extras.beanshell.bsh_2.0.0.b6.jar;C:\Users\MKT\.p2\pool\plugins\org.yaml.snakeyaml_1.21.0.jar;C:\Users\MKT\.p2\pool\plugins\org.webjars.jquery_3.7.1.jar;C:\Users\MKT\Downloads\poi-bin-5.2.3-20220909\poi-bin-5.2.3\poi-5.2.3.jar;C:\Users\MKT\Downloads\poi-bin-5.2.3-20220909\poi-bin-5.2.3\poi-examples-5.2.3.jar;C:\Users\MKT\Downloads\poi-bin-5.2.3-20220909\poi-bin-5.2.3\poi-excelant-5.2.3.jar;C:\Users\MKT\Downloads\poi-bin-5.2.3-20220909\poi-bin-5.2.3\poi-javadoc-5.2.3.jar;C:\Users\MKT\Downloads\poi-bin-5.2.3-20220909\poi-bin-5.2.3\poi-ooxml-5.2.3.jar;C:\Users\MKT\Downloads\poi-bin-5.2.3-20220909\poi-bin-5.2.3\poi-ooxml-lite-5.2.3.jar;C:\Users\MKT\Downloads\poi-bin-5.2.3-20220909\poi-bin-5.2.3\poi-scratchpad-5.2.3.jar;C:\Users\MKT\Downloads\poi-bin-5.2.3-20220909\poi-bin-5.2.3\poi-ooxml-full-5.2.3.jar;C:\Users\MKT\Downloads\poi-bin-5.2.3-20220909\poi-bin-5.2.3\auxiliary\batik-anim-1.14.jar;C:\Users\MKT\Downloads\poi-bin-5.2.3-20220909\poi-bin-5.2.3\auxiliary\batik-awt-util-1.14.jar;C:\Users\MKT\Downloads\poi-bin-5.2.3-20220909\poi-bin-5.2.3\auxiliary\batik-bridge-1.14.jar;C:\Users\MKT\Downloads\poi-bin-5.2.3-20220909\poi-bin-5.2.3\auxiliary\batik-codec-1.14.jar;C:\Users\MKT\Downloads\poi-bin-5.2.3-20220909\poi-bin-5.2.3\auxiliary\batik-constants-1.14.jar;C:\Users\MKT\Downloads\poi-bin-5.2.3-20220909\poi-bin-5.2.3\auxiliary\batik-css-1.14.jar;C:\Users\MKT\Downloads\poi-bin-5.2.3-20220909\poi-bin-5.2.3\auxiliary\batik-dom-1.14.jar;C:\Users\MKT\Downloads\poi-bin-5.2.3-20220909\poi-bin-5.2.3\auxiliary\batik-ext-1.14.jar;C:\Users\MKT\Downloads\poi-bin-5.2.3-20220909\poi-bin-5.2.3\auxiliary\batik-gvt-1.14.jar;C:\Users\MKT\Downloads\poi-bin-5.2.3-20220909\poi-bin-5.2.3\auxiliary\batik-i18n-1.14.jar
Launcher Type: SUN_STANDARD

[Global flags]
     intx CICompilerCount                          = 12                                        {product} {ergonomic}
     uint ConcGCThreads                            = 3                                         {product} {ergonomic}
     uint G1ConcRefinementThreads                  = 13                                        {product} {ergonomic}
   size_t G1HeapRegionSize                         = 2097152                                   {product} {ergonomic}
    uintx GCDrainStackTargetSize                   = 64                                        {product} {ergonomic}
   size_t InitialHeapSize                          = 266338304                                 {product} {ergonomic}
   size_t MarkStackSize                            = 4194304                                   {product} {ergonomic}
   size_t MaxHeapSize                              = 4236247040                                {product} {ergonomic}
   size_t MinHeapDeltaBytes                        = 2097152                                   {product} {ergonomic}
   size_t MinHeapSize                              = 8388608                                   {product} {ergonomic}
    uintx NonNMethodCodeHeapSize                   = 7602480                                {pd product} {ergonomic}
    uintx NonProfiledCodeHeapSize                  = 122027880                              {pd product} {ergonomic}
    uintx ProfiledCodeHeapSize                     = 122027880                              {pd product} {ergonomic}
    uintx ReservedCodeCacheSize                    = 251658240                              {pd product} {ergonomic}
     bool SegmentedCodeCache                       = true                                      {product} {ergonomic}
     bool ShowCodeDetailsInExceptionMessages       = true                                   {manageable} {command line}
   size_t SoftMaxHeapSize                          = 4236247040                             {manageable} {ergonomic}
     bool UseCompressedClassPointers               = true                           {product lp64_product} {ergonomic}
     bool UseCompressedOops                        = true                           {product lp64_product} {ergonomic}
     bool UseG1GC                                  = true                                      {product} {ergonomic}
     bool UseLargePagesIndividualAllocation        = false                                  {pd product} {ergonomic}

Logging:
Log output configuration:
 #0: stdout all=warning uptime,level,tags
 #1: stderr all=off uptime,level,tags

Environment Variables:
PATH=C:/Users/MKT/.p2/pool/plugins/org.eclipse.justj.openjdk.hotspot.jre.full.win32.x86_64_17.0.2.v20220201-1208/jre/bin/server;C:/Users/MKT/.p2/pool/plugins/org.eclipse.justj.openjdk.hotspot.jre.full.win32.x86_64_17.0.2.v20220201-1208/jre/bin;C:\Program Files\Common Files\Oracle\Java\javapath;C:\Windows\system32;C:\Windows;C:\Windows\System32\Wbem;C:\Windows\System32\WindowsPowerShell\v1.0\;C:\Windows\System32\OpenSSH\;C:\Program Files (x86)\NVIDIA Corporation\PhysX\Common;C:\Program Files\NVIDIA Corporation\NVIDIA NvDLISR;C:\Program Files\Microsoft SQL Server\Client SDK\ODBC\130\Tools\Binn\;C:\Program Files (x86)\Microsoft SQL Server\140\Tools\Binn\;C:\Program Files\Microsoft SQL Server\140\Tools\Binn\;C:\Program Files\Microsoft SQL Server\140\DTS\Binn\;C:\Program Files (x86)\Microsoft SQL Server\150\DTS\Binn\;C:\Program Files\Azure Data Studio\bin;C:\Program Files\dotnet\;C:\WINDOWS\system32;C:\WINDOWS;C:\WINDOWS\System32\Wbem;C:\WINDOWS\System32\WindowsPowerShell\v1.0\;C:\WINDOWS\System32\OpenSSH\;C:\Program Files\Git\cmd;C:\Program Files\Java\jdk-17\bin;C:\Program Files\nodejs\;C:\ProgramData\chocolatey\bin;C:\Users\MKT\AppData\Local\Microsoft\WindowsApps;;C:\Program Files\Azure Data Studio\bin;C:\Users\MKT\AppData\Local\Programs\Microsoft VS Code\bin;C:\Users\MKT\AppData\Roaming\npm;C:\WINDOWS\system32;
USERNAME=MKT
OS=Windows_NT
PROCESSOR_IDENTIFIER=Intel64 Family 6 Model 165 Stepping 2, GenuineIntel



---------------  S Y S T E M  ---------------

OS:
 Windows 11 , 64 bit Build 26100 (10.0.26100.8521)
OS uptime: 5 days 2:31 hours

CPU: total 16 (initial active 16) (8 cores per cpu, 2 threads per core) family 6 model 165 stepping 2 microcode 0x100, cx8, cmov, fxsr, ht, mmx, 3dnowpref, sse, sse2, sse3, ssse3, sse4.1, sse4.2, popcnt, lzcnt, tsc, tscinvbit, avx, avx2, aes, erms, clmul, bmi1, bmi2, adx, fma, vzeroupper, clflush, clflushopt

Memory: 4k page, system-wide physical 16158M (653M free)
TotalPageFile size 30738M (AvailPageFile size 174M)
current process WorkingSet (physical memory assigned to process): 12M, peak: 12M
current process commit charge ("private bytes"): 71M, peak: 325M

vm_info: Java HotSpot(TM) 64-Bit Server VM (17.0.8+9-LTS-211) for windows-amd64 JRE (17.0.8+9-LTS-211), built on Jun 14 2023 10:34:31 by "mach5one" with MS VC++ 17.1 (VS2022)

END.
